5.390000
5.390000
7.390000
7.390000
-3.087000
-3.087000
-5.087000
-5.087000
