5.390000
4.390000
7.390000
6.390000
-3.087000
-2.087000
-5.087000
-4.087000
