a() called
b() called
42
c() called
10
c() called
15
d() called
2.500000
c() called
d() called
50.000000
