-27
-0.070000
0
0.000000
1
1.000000
-6
8
8.500000
3
3.350000
15
17.160000
2
2.500000
1
16
14
1
0
0
1
1
0
1
0
1
0
1
0
7
4
3
7
2.700000
2
3.800000
